// Jest Snapshot v1, https://jestjs.io/docs/snapshot-testing

exports[`Should incorporate new areas into the map 1`] = `
{
  "id": 497,
  "name": "Test Area",
  "roomCount": 0,
  "rooms": [],
}
`;
