// Jest Snapshot v1, https://jestjs.io/docs/snapshot-testing

exports[`Should incorporate room creations into the map 1`] = `
{
  "coordinates": [
    0,
    0,
    0,
  ],
  "environment": -1,
  "exits": [],
  "id": 13372,
  "weight": 0,
}
`;
